// Jest Snapshot v1, https://goo.gl/fbAQLP

exports[`renders correctly 1`] = `
<View
  accessibilityComponentType="button"
  accessibilityTraits={
    Array [
      "button",
    ]
  }
  accessible={true}
  isTVSelectable={true}
  onResponderGrant={[Function]}
  onResponderMove={[Function]}
  onResponderRelease={[Function]}
  onResponderTerminate={[Function]}
  onResponderTerminationRequest={[Function]}
  onStartShouldSetResponder={[Function]}
  style={
    Object {
      "opacity": 1,
    }
  }
>
  <View
    style={
      Array [
        Object {},
      ]
    }
  >
    <Text
      accessible={true}
      allowFontScaling={true}
      ellipsizeMode="tail"
      style={
        Array [
          Object {
            "color": "#007AFF",
            "fontSize": 18,
            "padding": 8,
            "textAlign": "center",
          },
          Object {
            "color": "#ee3e41",
          },
        ]
      }
    >
      snapshot
    </Text>
  </View>
</View>
`;
